// Jest Snapshot v1, https://goo.gl/fbAQLP

exports[`Pruebas en <GifGridItem/> debe mostrar el componente correctamente 1`] = `
<div
  className="card animate__animated animate__bounce"
>
  <p>
    some title
  </p>
  <img
    alt="some title"
    src="https://someurl"
  />
</div>
`;
